[   0.0000 Initializing cgroup subsys cpse
    00000] Intialing cgroup subsys cpu
[   .000000] Iitalzing cgroup subsys cpuacct
   0.00000 Lnux versio 4.4.0-134-generic (buildd@lgw01-amd64-033) (gcc version 5.4.0 20160609 (Ubuntu 5.4.0-6ubuntu1~16.04.10) ) #160-Ubuntu SMP Wed Aug 15 14:58:00 UTC 2018 (Ubuntu 4.4.0-134.160-generic 4.4.140)
[    0.000000] Command line: BOOT_IMAGE=/boot/vmlinuz-4.4.0-134-generic root=LABEL=cloudimg-rootfs ro console=tty1 console=ttyS0
[    0.000000] KERNEL supported us:
[   .00000]  Ite GenuineInt
[    0.00000]  AMD AthntcAMD
[    0000000]   Centaur CentaurHauls
[    0.000000] x86/fpu: xstate_offset[2]:  576, xstate_sizes[2]:  256
[    0.000000] x86/fpu: Supporting XSAVE feature 0x01: 'x87 floating point registers'
[    0.000000] x86/fpu: Supporting XSAVE faturex02: 'SSE registers'
[    0.000000] x86/fpu: Supporting XSAVE feature 0x04: 'AVX registers'
[    0.000000] x86/fpu: Enabled xstate features 0x7, context size is 832 bytes, using 'standard' format.
[    0.000000] e820: BIOS-provided physical RAM map:
[    0.000000] BIOS-e820: [mem 0x0000000000000000-0x000000000009fbff] usable
[    0.000000] BIOS-e820: [mem 0x000000000009fc00-0x000000000009ffff] reserved
[    0.000000] BIOS-e820: [mem 0x00000000000f0000-0x00000000000fffff] reserved
[    0.000000] BIOS-e820: [mem 0x0000000000100000-0x000000003ffeffff] usable
[    0.000000] BIOS-e820: [mem 0x000000003fff0000-0x000000003fffffff] ACPI data
[    0.000000] BIOS-e8820: [mem 0x00000000fec00000-0x00000000fec00fff] reserved
[    0.000000] BIOS-e820: [mem 0x00000000fee00000-0x00000000fee00fff] reserved
[    0.000000] BIOS-e820: [mem 0x00000000fffc0000-0x00000000ffffffff] reserved
[    0.000000] NX (Execute Disable) protection: actie
[    0.0000] SMBIOS 2.5 present.
[    0.000000] Hypervisor detected: KVM
[    0.000000] e820: last_pfn = 0x3fff0 max_arch_pfn = 0x400000000
[    0.000000] MTRR: Disabled
[    0.000000] x86/PAT: MTRRs disabled, skipping PAT initialization too.
[   .000000] CP MRR all lank  vrtualized system.
[   .00000] x86AT Configuraton[07]: W  T UC- UC  WB  WT  UC- UC  
[   .000000]fondSMP MP-tabe t [mem0x00fff0-0x009ff] mapped at [ffff8800009ff]
[    0.000000] canig 1 areas for low emrycorruption[   0.000000] RAMDISK: [mem 0x3630c000-0x3717dfff]
    .000000] ACPI: Early table checksum verification disabled
[    0.000000] ACPI: RSDP 0x00000000000E0000 000024 (v02 VBOX  )
[    0.000000] ACPI: XSDT 0x0000003FFF0030 00003C (v01 VBOX   VBOXXSDT 00000001 ASL  00000061)
[    0.000000] ACPI: FACP 0x000000003FFF00F0 0000F4 (v04 VBOX   VBOXFACP 00000001 ASL  00000061)
[   0.000000] ACPI: DSDT 0x000000003FFF0470 0021FF (v02 VBOX   VBOXBIOS 00000002 INTL 20100528
[    0.000000] ACPI: FACS 0x000000003FFF0200 000040
[    0.000000] ACPI: FACS 0x000000003FFF0200 000040
[    0.000000] ACPI: APIC 0x000000003FFF0240 00005C (v02 VBOX   VBOXAPIC 00000001 ASL  00000061)
[    0.00000] CP: SSDT 0x000000003FFF02A0 0001CC (v011 VOX  VBOXCPUT 00000002 INTL 20100528)
[    0.000000] No NUMA configuration found
[    0.000000] Faking a node at [mem 0x0000000000000000-0x000000003ffeffff]
[    0.000000] NODE_DTA(0)alocted [mem 0x3ffeb000-0x3ffeffff]
[    0.000000] kvm-clock: Using msrs 4b564d01 and 4b564d00
[    0.000000] kvm-clock: cpu 0 mr 0:3ffe3001, primary cpuclck
[  0.00000 km-lock: usin she offst f 615943190 cyces
[    000000] locksource km-lock: mask: 0xffffffffffffffff max_cycles: 0x1cd42e4dffb, max_idle_ns: 881590591483 ns
[    0.000000] Zone ranges:
[    0.000000]   DMA      [mem 0x0000000000001000-0x0000000000ffffff]
[    0.000000]   DMA32    [mem 0x0000000001000000-0x000000003ffeffff]
[    0.000000]   Normal   empty
[    0.000000]   Device   empty
[    0.0000]Movable nestart for each node
[   .00000] Erl mmory no rnges
[    0.000000]   node   0: [mem 0x0000000000001000-0x000000000009efff]
[    0.000000]   node   0: [mem 0x0000000000100000-0x000000003ffeffff]
[    0.000000] Initmem setup node 0 [mem 0x0000000000001000-0x000000003ffeffff]
[    0.000000] ACPI: PM-Timer IO Port: 0x4008
[    0.000000] IOAPIC[0]: apic_id 2, version 32, address 0xfec00000, GSI 0-23
[    0.000000] ACPI: INT_SRC_OVR (bus 0 bus_irq 0 global_irq 2 dfl dfl)
[    0.000000 ACP: INT_SRC_OVR (bus 0 bus_irq 9 global_irq 9 low level)
[    0.000000] Using ACPI (MADT) for SMP configuration information
[    0.000000] smpboot: Allowing 2 CPUs, 0 hotplug CPUs
[    0.000000] PM: Registered nosave memory: [mem 0x00000000-0x00000fff]
[    0.000000] PM: Registered nosave memory: [mem 0x0009f000-0x0009ffff]
[    0.000000] PM: Registered nosave memory: [mem 0x000a0000-0x000effff]
[    0.000000] PM: Registered nosave memory: [mem 0x000f0000-0x000fffff]
[    0.000000] e820: [mem 0x40000000-0xfebfffff] available for PCI devices
[    0.000000] Booting paravirtualized kernel on KVM
[    0.000000] clocksource: refined-jiffies: mask: 0xffffffff max_cycles: 0xffffffff, max_idle_ns: 7645519600211568 ns
[    0.000000] setup_percpu: NR_CPUS:512 nr_cpumask_bits:512 nr_cpu_ids:2 nr_node_ids:1
[    0.000000] PERCPU: Embedded 34 pages/cpu @ffff88003fc00000 s99544 r8192 d31528 u1048576
[    0.000000] PV qspinlock hash table entries: 256 (order: 0, 4096 bytes)
[   0.000000] Built 1 zonelists in Node order, mobility grouping on.  Total pages: 257912
[    0.000000] Policy zone: DMA32
[    0.000000] Kernel command line: BOOT_IMAGE=/boot/vmlinuz-4.4.0-134-generic root=LABEL=cloudimg-rootfs ro console=tty1 console=ttyS0
[    0.000000] PID hash table entries: 4096 (orer: 3, 32768 bytes)
[    0.000000] Memory: 997724K/1048120K available (8554K kernel code, 1314K rwdata, 4004K rodata, 1516K init, 1316K bss, 50396K reserved, 0K cma-reserved)
[    0.000000] SLUB: HWalign=64, Order=0-3, MinObjects=0, CPUs=2, Nodes=1
[    0.000000] Kernel/User page tables isolation: enabled
[    0.000000] Hierarchical RCU implementation.
[    0.000000] 	Build-time adjustment of leaf fanot to 64.
[    0.000000] 	RCU restricting CPUs from NR_CPUS=512 to nr_cpu_ids=2.
[    0.000000] RCU: Adjusting geometry for rcu_fanout_leaf=64, nr_cpu_ids=2
[    0.000000] NR_IRQS:33024 nr_irqs:440 16
[    0.000000] Console: colour VGA+ 80x25
[    0.000000] console [tty1] enabled
[    0.000000] console [ttyS0] enabled
[     0.000000] tsc: Detected 1599.999 MHz processor
[    3.379584] Calibrating delay loop (skipped) preset value.. 3199.99 BogoMIPS (lpj=6399996)
[    3.382094] pid_max: default: 32768 minimum: 301
[    3.383328] ACPI: Core revision 20150930
[    3.385540] ACPI: 2 ACPI AML tables successfully acquired and loaded
[    3.387438] Security Framework initialized
[    3.388584] Yama: becoming mindful.
[    3.389654] AppArmor: AppArmor initialized
[    3.391022] Dentry cache hash table entries: 131072 (order: 8, 1048576 bytes)
[    3.400954] Inode-cache hash table entries: 65536 (order: 7, 524288 bytes)
[    3.403033] Mount-cache hash table entries: 2048 (order: 2, 16384 bytes)
[    3.404780] Mountpoint-cache hash table entries: 2048 (order: 2, 16384 bytes)
[    3.406832] Initializing cgroup subsys io
[    3.408043] Initializing cgroup subsys memory
[    3.409337] Initializing cgroup subsys devices
[    3.410670] Initializing cgroup subsys freezer
[    3.411942] Initializing cgroup subsys net_cls
[    3.413266] Initializing cgroup subsys perf_event
[    3.414597] Initializing cgroup subsys net_prio
[    3.419845] Initializing cgroup subsys hugetlb
[    3.421327] Initializing cgroup subsys pids
[    3.423645] mce: CPU supports 0 MCE banks
[    3.424861] Last level iTLB entries: 4KB 64, 2MB 8, 4MB 8
[    3.426388] Last level dTLB entries: 4KB 64, 2MB 0, 4MB 0, 1GB 4
[    3.428030] Spectre V2 : Mitigation: Full generic retpoline
[    3.429664] Spectre V2 : Speculation control IBPB not-supported IBRS not-supported
[    3.431573] Speculative Store Bypass: Vulnerable
[    3.436069] Freeing SMP alternatives memory: 32K
[    3.446965] ftrace: allocating 32266 entries in 127 pages
[    3.517598] smpboot: APIC(0) Converting physical 0 to logical package 0
[    3.519430] smpboot: Max logical packages: 1
[    3.521060] x2apic enabled
[    3.522130] Switched APIC routing to physical x2apic.
[    3.525023] ..TIMER: vector=0x30 apic1=0 pin1=2 apic2=-1 pin2=-1
[   3.630868] smpboot: CPU0: Intel(R) Core(TM) i5-5250U CPU @ 1.60GHz (family: 0x6, model: 0x3d, stepping: 0x4)
[    3.686810] Performance Events: unsupported p6 CPU model 61 no PMU driver, software events only.
[    3.718957] KVM setup paravirtual spinlock
[    3.768014] x86: Booting SMP configuration:
[    3.779641] .... node  #0, CPUs:      #1
[    3.798734] kvm-clock: cpu 1, msr 0:3ffe3041, secondary cpu clock
[    3.814443] mce: CPU supports 0 MCE banks
[    3.817057] x86: Booted up 1 node, 2 CPUs
[    3.838705] smpboot: Total of 2 processors activated (6399.99 BogoMIPS)
[    3.852714] devtmpfs: initialized
[    3.867928] evm: security.selinux
[    3.875081] evm: security.SMACK64
[    3.881628] evm: security.SMACK64EXEC
[    3.910003] evm: security.SMACK64TRANSMUTE
[    3.931604] evm: security.SMACK64MMAP
[    3.947039] evm: security.ima
[    3.966993] evm: security.capability
[    3.993956] clocksource: jiffies: mask: 0xffffffff max_cycles: 0xffffffff, max_idle_ns: 7645041785100000 ns
[    4.033507] futex hash table entries: 512 (order: 3, 32768 bytes)
[    4.053676] pinctrl core: initialized pinctrl subsystem
[    4.084348] RTC time:  9:30:22, date: 09/13/18
[    4.104883] NET: Registered protocol family 16
[    4.144768] cpuidle: using governor ladder
[    4.179927] cpuidle: using governor menu
[    4.194228] PCCT header not found.
[    4.208436] ACPI: bus type PCI registered
[    4.232209] acpiphp: ACPI Hot Plug PCI Controller Driver version: 0.5
[    4.252924] PCI: Using configuration type 1 for base access
[    4.269724] ACPI: Added _OSI(Module Device)
[    4.272531] ACPI: Added _OSI(Processor Device)
[    4.280159] ACPI: Added _OSI(3.0 _SCP Extensions)
[    4.281504] ACPI: Added _OSI(Processor Aggregator Device)
[    4.283922] ACPI: Executed 1 blocks of module-level executable AML code
[    4.288246] ACPI: Interpreter enabled
[    4.289393] ACPI: (supports S0 S5)
[    4.290521] ACPI: Using IOAPIC for interrupt routing
[    4.292218] PCI: Using host bridge windows from ACPI; if necessary, use "pci=nocrs" and report a bug
[    4.299856] ACPI: PCI Root Bridge [PCI0] (domain 0000 [bus 00-ff])
[    4.336072] acpi PNP0A03:00: _OSC: OS supports [ASPM ClockPM Segments MSI]
[    4.348585] acpi PNP0A03:00: _OSC: not requesting OS control; OS requires [ExtendedConfig ASPM ClockPM MSI]
[    4.363720] acpi PNP0A03:00: fail to add MMCONFIG information, can't access extended PCI configuration space under this bridge.
[    4.381556] PCI host bridge to bus 0000:00
[    4.382889] pci_bus 0000:00: root bus resource [io  0x0000-0x0cf7 window]
[    4.384670] pci_bus 0000:00: root bus resource [io  0x0d00-0xffff window]
[    4.386502] pci_bus 0000:00: root bus resource [mem 0x000a0000-0x000bffff window]
[    4.388650] pci_bus 0000:00: root bus resource [mem 0x40000000-0xfdffffff window]
[    4.390861] pci_bus 0000:00: root bus resource [bus 00-ff]
[    4.394423] pci 0000:00:01.1: legacy IDE quirk: reg 0x10: [io  0x01f0-0x01f7]
[    4.396205] pci 0000:00:01.1: legacy IDE quirk: reg 0x14: [io  0x03f6]
[    4.397913] pci 0000:00:01.1: legacy IDE quirk: reg 0x18: [io  0x0170-0x0177]
[    4.411751] pci 0000:00:01.1: legacy IDE quirk: reg 0x1c: [io  0x0376]
[    4.449086] pci 0000:00:07.0: quirk: [io  0x4000-0x403f] claimed by PIIX4 ACPI
[    4.483083] pci 0000:00:07.0: quirk: [io  0x4100-0x410f] claimed by PIIX4 SMB
[    4.524632] ACPI: PCI Interrupt Link [LNKA] (IRQs 5 9 10 *11)
[    4.566267] ACPI: PCI Interrupt Link [LNKB] (IRQs 5 9 *10 11)
[    4.597600] ACPI: PCI Interrupt Link [LNKC] (IRQs 5 *9 10 11)
[    4.625453] ACPI: PCI Interrupt Link [LNKD] (IRQs 5 9 10 *11)
[    4.665838] ACPI: Enabled 2 GPEs in block 00 to 07
[    4.681915] vgaarb: setting as boot device: PCI:0000:00:02.0
[    4.707974] vgaarb: device added: PCI:0000:00:02.0,decodes=io+mem,owns=io+mem,locks=none
[    4.727702] vgaarb: loaded
[    4.733744] vgaarb: bridge control possible 0000:00:02.0
[    4.741591] SCSI subsystem initialized
[    4.753127] ACPI: bus type USB registered
[    4.776385] usbcore: registered new interface driver usbfs
[    4.788829] usbcore: registered new interface driver hub
[    4.808273] usbcore: registered new device driver usb
[    4.818597] PCI: Using ACPI for IRQ routing
[    4.841363] NetLabel: Initializing
[    4.863996] NetLabel:  domain hash size = 128
[    4.899974] NetLabel:  protocols = UNLABELED CIPSOv4
[    4.916009] NetLabel:  unlabeled traffic allowed by default
[    4.918119] amd_nb: Cannot enumerate AMD northbridges
[    4.931856] clocksource: Switched to clocksource kvm-clock
[    4.9833] pprmr:ApArorFiesystm naled
[    5.32239] pnp: PnP ACPI init
[   5.37461 pp:PnP ACPI: found 3 devices

[    5.529484] clcksource: acpi_pm: mask: 0ffff mx_yces 0xffffff, max_idle_ns: 20857002 n
   58596] ET Riserd rotocol faily 2
[    6.218393] TP established hash table entries: 8192 (order: 4, 65536 bytes)

[    6.25410 TCP bind hash tabe entries: 8192 order: 5, 131072bytes)
[    6.403611] TCP: Hash abesconfigured (estabised19 bind 8192)
[   6.614875] UDP has table entries: 512 (order: 2, 16384 bytes)
[    6.687672] UDP-Lite hash table enries: 512 (order: 2, 16384 bytes)
[  6.24056] NET: Registered protocol family 1
[    6.817202] pci 0000:00:00.0: Limiting direct PCI/PCI transfers
[    6.818810] pci 0000:00:01.0: Activating ISA DMA hang workarounds
[    6.823763] Uacking initramfs...

[    7.206108] Freeing initrd memory: 14792K
[    7.223850] RAPL PMU detected, API unit is 2^-32 Joules, 4 fixed counters 10737418240 ms ovfl timer
[    7.270649] hw unit of domain pp0-core 2^-0 Joules
[    7.279808] hw unit of domain package 2^-0 Joules
[    7.286299] hw unit of domain dram 2^-0 Joules
[    7.292578] hw unit of domain pp1-gpu 2^-0 Joules
[    7.319902] platform rtc_cmos: registered platform RTC device (no PNP device found)
[    7.322261] Scanning for low memory corruption every 60 seconds
[    7.324682] audit: initializing netlink subsys (disabled)
[    7.328103] audit: type=2000 audit(1536831026.353:1): initialized
[    7.331272] Initialise system trusted keyring
[    7.333568] HugeTLB registered 2 MB page size, pre-allocated 0 pages
[    7.338203] zbud: loaded
[    7.339703] VFS: Disk quotas dquot_6.6.0
[    7.343576] VFS: Dquot-cache hash table entries: 512 (order 0, 4096 bytes)
[    7.351413] squashfs: version 4.0 (2009/01/31) Phillip Lougher
[    7.354760] fuse init (API version 7.23)
[    7.359124] Key type big_key registered
[    7.367086] Allocating IMA MOK and blacklist keyrings.
[    7.375510] Key type asymmetric registered
[    7.377008] Asymmetric key parser 'x509' registered
[    7.381286] Block layer SCSI generic (bsg) driver version 0.4 loaded (major 249)
[    7.384454] io scheduler noop registered
[    7.385822] io scheduler deadline registered (default)
[    7.387311] io scheduler cfq registered
[    7.388874] pci_hotplug: PCI Hot Plug PCI Core version: 0.5
[    7.391657] pciehp: PCI Express Hot Plug Controller Driver version: 0.4
[    7.398227] ACPI: AC Adapter [AC] (off-line)
[    7.407054] input: Power Button as /devices/LNXSYSTM:00/LNXPWRBN:00/input/input0
[    7.410861] ACPI: Power Button [PWRF]
[    7.476918] input: Sleep Button as /devices/LNXSYSTM:00/LNXSLPBN:00/input/input1
[    7.543415] ACPI: Sleep Button [SLPF]
[    7.554193] ACPI: Battery Slot [BAT0] (battery present)
[    7.560168] GHES: HEST is not enabled!
[    7.564363] Serial: 8250/16550 driver, 32 ports, IRQ sharing enabled
[    7.591746] 00:02: ttyS0 at I/O 0x3f8 (irq = 4, base_baud = 115200) is a 16550A
[    7.614472] Linux agpgart interface v0.103
[    7.619260] loop: module loaded
[    7.6383] cs host0: ata_piix

[    7.749408] scsi host1: ata_piix
[    7.750474] ata1: PATA max UDMA/33 cmd 0x1f0 ctl 0x3f6 bmdma 0xd000 irq 14
[    7.752458] ata2: PATA max UDMA/33 cmd 0x170 ctl 0x376 bmdma 0xd08 irq 15

[    7.794430] libphy: Fixed MDIO Bus: probed
[    7.797352] tun: Universal TUN/TAP devie driver, 1.6
[    7.8377]tun: (C) 1999-2004 Max Krasnyansky <maxk@qualcomm.com>
[   7.949839] PPP genicdrve vrson2..2
[    22783] ehci_hcd: USB 20 Enhanced' Hot onrole (HC) Driver
[    8.316466] tsc: Refined TSC clocksource calibration: 1599.500 MHz
[    8.316470] clocksource: tsc: mask: 0xffffffffffffffff max_cycles: 0x170e4c91429, max_idle_ns: 440795217440 ns
[    8.662618] ehci-pci: EHCI PCI platform driver
[    8.676913] ehci-plafom:EHI genericpltform driver

[    8.848631] ohci_hcd: USB 1.1 'Open' Host Controller (OHCI) Driver
[    8.850515] ohci-pci: OHCI PCI platform driver
[  8.852139] ohci-platform: OHCI generic platform driver
[    8.923137] uhci_hcd: USB Universal stCotrlle Itefae river
[    9.228080] i8042: NP P/2 Controller [PNP0303:PS2K,PNP0f03:PS2M] at 0x60,0x64 irq 1,12
[    9.330006] serio: i8042 KBD port at 0x60,0x64 irq 1
[    9.360493] serio: i8042 AUX port at 0x60,0x64 irq 12
[    9.369526] mousedev: PS/2 mouse device common for all mice
[    9.400939] input: AT Translated Set 2 keyboard as /devices/platform/i8042/serio0/input/input2
[    9.421798] rtc_cmos rtc_cmos: rtc core: registered rtc_cmos as rtc0
[    9.453635] rtc_cmos rtc_cmos: alarms up to one day, 114 bytes nvram
[    9.482959] i2c /dev entries driver
[    9.552376] device-mapper: uevent: version 1.0.3
[   96335] evcemapper: ioctl: 4.34.0-ocl 205-0-8) initialised: dm-devel@redhat.com

[    9.984967] ledtrig-cpu: registered to indicate activity on CPUs
[    9.987208] NET: Registered protocol family 10
[    9.988812] NET: Registered protocol family 17
[    9.990176] Key type dns_resolver registered
[    9.991688] registered taskstats version 1
[    9.993037] Loading compiled-in X.509 certificates
[    9.995108] Loaded X.509 cert 'Build time autogenerated kernel key: 4eb3d024ac16f76c1747ffd474694c84db21038b'
[    9.997931] zswap: loaded using pool lzo/zbud
[   10.002570] Key type trusted registered
[   10.010381] Key type encrypted registered
[   10.018397] AppArmor: AppArmor sha1 policy hashing enabled
[   10.027250] ima: No TPM chip found, activating TPM-bypass!
[   10.037886] ima: Allocated hash algorithm: sha1
[   10.046913] evm: HMAC attrs: 0x1
[   10.049214]   Magic number: 2:426:525
[   10.058428] rtc_cmos rtc_cmos: setting system clock to 2018-09-13 09:30:28 UTC (1536831028)
[   10.077186] BIOS EDD facility v0.16 2004-Jun-25, 0 devices found
[   10.094484] EDD information not available.
[   10.123971] Freeing unused kernel memory: 1516K
[   10.164332] Write protecting the kernel read-only data: 14336k
[   10.185307] Freeing unused kernel memory: 1672K
[   10.192830] Freeing unused kernel memory: 92K
Loading, please wait...
starting version 229
[   10.334042] random: systemd-udevd: uninitialized urandom read (16 bytes read, 5 bits of entropy available)
[   10.334571] random: udevadm: uninitialized urandom read (16 bytes read, 5 bits of entropy available)
[   10.334618] random: udevadm: uninitialized urandom read (16 bytes read, 5 bits of entropy available)
[   10.343826] random: systemd-udevd: uninitialized urandom read (16 bytes read, 5 bits of entropy available)
[   10.344260] random: udevadm: uninitialized urandom read (16 bytes read, 5 bits of entropy available)
[   10.344332] random: udevadm: uninitialized urandom read (16 bytes read, 5 bits of entropy available)
[   10.344546] random: udevadm: uninitialized urandom read (16 bytes read, 5 bits of entropy available)
[   10.344631] random: udevadm: uninitialized urandom read (16 bytes read, 5 bits of entropy available)
[   10.344715] random: udevadm: uninitialized urandom read (16 bytes read, 5 bits of entropy available)
[   10.344811] random: udevadm: uninitialized urandom read (16 bytes read, 5 bits of entropy available)
[   10.497510] e1000: Intel(R) PRO/1000 Network Driver - version 7.3.21-k8-NAPI
[   10.501956] e1000: Copyright (c) 1999-2006 Intel Corporation.
[   10.504599] Fusion MPT base driver 3.04.20
[   10.505815] Copyright (c) 1999-2008 LSI Corporation
[   10.511712] Fusion MPT SPI Host driver 3.04.20
[   10.530289] AVX2 version of gcm_enc/dec engaged.
[   10.531743] AES CTR mode by8 optimization enabled
[   10.716172] input: ImExPS/2 Generic Explorer Mouse as /devices/platform/i8042/serio1/input/input4
[   10.876150] e1000 0000:00:03.0 eth0: (PCI:33MHz:32-bit) 02:1d:76:b3:3c:fe
[   10.909450] e1000 0000:00:03.0 eth0: Intel(R) PRO/1000 Network Connection
[   10.929997] mptbase: ioc0: Initiating bringup
[   11.194601] ioc0: LSI53C1030 A0: Capabilities={Initiator}
[   12.131111] scsi host2: ioc0: LSI53C1030 A0, FwRev=00000000h, Ports=1, MaxQ=256, IRQ=20
[   12.692563] scsi 2:0:0:0: Direct-Access     VBOX     HARDDISK         1.0  PQ: 0 ANSI: 5
[   12.695663] scsi target2:0:0: Beginning Domain Validation
[   12.708941] scsi target2:0:0: Domain Validation skipping write tests
[   12.710662] scsi target2:0:0: Ending Domain Validation
[   12.713812] scsi target2:0:0: asynchronous
[   12.717561] scsi 2:0:1:0: Direct-Access     VBOX     HARDDISK         1.0  PQ: 0 ANSI: 5
[   12.762551] scsi target2:0:1: Beginning Domain Validation
[   12.772141] scsi target2:0:1: Domain Validation skipping write tests
[   12.779691] scsi target2:0:1: Ending Domain Validation
[   12.781806] scsi target2:0:1: asynchronous
[   12.813180] sd 2:0:0:0: Attached scsi generic sg0 type 0
[   12.815018] sd 2:0:0:0: [sda] 20971520 512-byte logical blocks: (10.7 GB/10.0 GiB)
[   12.818841] sd 2:0:1:0: Attached scsi generic sg1 type 0
[   12.821129] sd 2:0:1:0: [sdb] 20480 512-byte logical blocks: (10.5 MB/10.0 MiB)
[   12.825979] sd 2:0:0:0: [sda] Write Protect is off
[   12.845397] sd 2:0:0:0: [sda] Incomplete mode parameter data
[   12.847473] sd 2:0:0:0: [sda] Assuming drive cache: write through
[   12.854567] sd 2:0:1:0: [sdb] Write Protect is off
[   12.856438] sd 2:0:1:0: [sdb] Incomplete mode parameter data
[   12.858175] sd 2:0:1:0: [sdb] Assuming drive cache: write through
[   12.876057]  sda: sda1
[   12.878347] sd 2:0:0:0: [sda] Attached SCSI disk
[   12.880551] sd 2:0:1:0: [sdb] Attached SCSI disk
[   13.143925] e1000 0000:00:08.0 eth1: (PCI:33MHz:32-bit) 08:00:27:b0:70:c0
[   13.145600] e1000 0000:00:08.0 eth1: Intel(R) PRO/1000 Network Connection
[   13.153756] e1000 0000:00:08.0 enp0s8: renamed from eth1
[   13.192178] e1000 0000:00:03.0 enp0s3: renamed from eth0
Begin: Loading essential drivers ... [   14.612420] md: linear personality registered for level -1
[   14.622412] md: multipath personality registered for level -4
[   14.627369] md: raid0 personality registered for level 0
[   14.634337] md: raid1 personality registered for level 1
[   14.715941] raid6: sse2x1   gen()  4798 MB/s
[   14.800126] raid6: sse2x1   xor()  5014 MB/s
[   14.872102] raid6: sse2x2   gen()  9874 MB/s
[   14.951971] raid6: sse2x2   xor()  6463 MB/s
[   15.043976] raid6: sse2x4   gen() 11927 MB/s
[   15.112060] raid6: sse2x4   xor()  8364 MB/s
[   15.184106] raid6: avx2x1   gen() 14674 MB/s
[   15.264115] raid6: avx2x2   gen() 18323 MB/s
[   15.348078] raid6: avx2x4   gen() 19039 MB/s
[   15.372854] raid6: using algorithm avx2x4 gen() 19039 MB/s
[   15.396893] raid6: using avx2x2 recovery algorithm
[   15.446779] xor: automatically using best checksumming function:
[   15.512725]    avx       : 21261.000 MB/sec
[   15.524162] async_tx: api initialized (async)
[   15.541567] md: raid6 personality registered for level 6
[   15.552959] md: raid5 personality registered for level 5
[   15.588655] md: raid4 personality registered for level 4
[   15.606143] md: raid10 personality registered for level 10
done.
Begin: Running /scripts/init-premount ... done.
Begin: Mounting root file system ... Begin: Running /scripts/local-top .[   15.645037] Btrfs loaded
.. done.
Begin: Running /scripts/local-premount ... Scanning for Btrfs filesystems
done.
Warning: fsck not present, so sk[   15.713873] EXT4-fs (sda1): mounted filesystem with ordered data mode. Opts: (null)
ipping root file system
done.
Begin: Running /scripts/local-bottom ... done.
Begin: Running /scripts/init-bottom ... done.
[   15.947855] systemd[1]: systemd 229 running in system mode. (+PAM +AUDIT +SELINUX +IMA +APPARMOR +SMACK +SYSVINIT +UTMP +LIBCRYPTSETUP +GCRYPT +GNUTLS +ACL +XZ -LZ4 +SECCOMP +BLKID +ELFUTILS +KMOD -IDN)
[   16.007397] systemd[1]: Detected virtualization oracle.
[   16.028073] systemd[1]: Detected architecture x86-64.

Welcome to [1mUbuntu 16.04.5 LTS[0m!

[   16.118057] systemd[1]: Set hostname to <ubuntu>.
[   16.175396] systemd[1]: Initializing machine ID from random generator.
[   16.252328] systemd[1]: Installed transient /etc/machine-id file.
[   16.512518] systemd[1]: Listening on Journal Audit Socket.
[[0;32m  OK  [0m] Listening on Journal Audit Socket.
[   16.515220] systemd[1]: Listening on LVM2 metadata daemon socket.
[[0;32m  OK  [0m] Listening on LVM2 metadata daemon socket.
[   16.520417] systemd[1]: Listening on /dev/initctl Compatibility Named Pipe.
[[0;32m  OK  [0m] Listening on /dev/initctl Compatibility Named Pipe.
[   16.632526] systemd[1]: Reached target Encrypted Volumes.
[[0;32m  OK  [0m] Reached target Encrypted Volumes.
[   16.683532] systemd[1]: Listening on LVM2 poll daemon socket.
[[0;32m  OK  [0m] Listening on LVM2 poll daemon socket.
[   16.792560] systemd[1]: Listening on Syslog Socket.
[[0;32m  OK  [0m] Listening on Syslog Socket.
[   16.844842] systemd[1]: Reached target Swap.
[[0;32m  OK  [0m] Reached target Swap.
[   16.910034] systemd[1]: Listening on Device-mapper event daemon FIFOs.
[[0;32m  OK  [0m] Listening on Device-mapper event daemon FIFOs.
[   16.932799] systemd[1]: Listening on udev Control Socket.
[[0;32m  OK  [0m] Listening on udev Control Socket.
[   16.935988] systemd[1]: Started Forward Password Requests to Wall Directory Watch.
[[0;32m  OK  [0m] Started Forward Password Requests to Wall Directory Watch.
[   16.968319] systemd[1]: Started Trigger resolvconf update for networkd DNS.
[[0;32m  OK  [0m] Started Trigger resolvconf update for networkd DNS.
[   17.004249] systemd[1]: Listening on udev Kernel Socket.
[[0;32m  OK  [0m] Listening on udev Kernel Socket.
[   17.014991] systemd[1]: Reached target System Time Synchronized.
[[0;32m  OK  [0m] Reached target System Time Synchronized.
[   17.117084] systemd[1]: Set up automount Arbitrary Executable File Formats File System Automount Point.
[[0;32m  OK  [0m] Set up automount Arbitrary Executab...ats File System Automount Point.
[   17.177187] systemd[1]: Listening on Journal Socket (/dev/log).
[[0;32m  OK  [0m] Listening on Journal Socket (/dev/log).
[   17.260958] systemd[1]: Created slice User and Session Slice.
[[0;32m  OK  [0m] Created slice User and Session Slice.
[   17.264655] systemd[1]: Created slice System Slice.
[[0;32m  OK  [0m] Created slice System Slice.
[   17.286541] systemd[1]: Created slice system-serial\x2dgetty.slice.
[[0;32m  OK  [0m] Created slice system-serial\x2dgetty.slice.
[   17.318590] systemd[1]: Reached target Slices.
[[0;32m  OK  [0m] Reached target Slices.
[   17.334035] systemd[1]: Listening on Journal Socket.
[[0;32m  OK  [0m] Listening on Journal Socket.
[   17.352127] systemd[1]: Starting Set console keymap...
         Starting Set console keymap...
[   17.392719] systemd[1]: Starting Nameserver information manager...
         Starting Nameserver information manager...
[   17.396752] systemd[1]: Starting Uncomplicated firewall...
         Starting Uncomplicated firewall...
[   17.401162] random: nonblocking pool is initialized
[   17.971995] systemd[1]: Starting Journal Service...
         Starting Journal Service...
[   17.979360] systemd[1]: Mounting POSIX Message Queue File System...
         Mounting POSIX Message Queue File System...
[   17.996274] systemd[1]: Mounting Huge Pages File System...
         Mounting Huge Pages File System...
[   18.002073] systemd[1]: Starting Remount Root and Kernel File Systems...
         Starting Remount Root a[   18.010254] EXT4-fs (sda1): re-mounted. Opts: (null)
nd Kernel File Systems...
[   18.042749] systemd[1]: Mounting Debug File System...
         Mounting Debug File System...
[   18.049036] systemd[1]: Starting Monitoring of LVM2 mirrors, snapshots etc. using dmeventd or progress polling...
         Starting Monitoring of LVM2 mirrors... dmeventd or progress polling...
[   18.108197] systemd[1]: Starting Load Kernel Modules...
[   18.142618] Loading iSCSI transport class v2.0-870.
         Starting Load Kernel Mo[   18.154285] iscsi: registered transport (tcp)
dules...
[   18.188380] systemd[1]: Reached target User and Group Name Lookups.
[[0;32m  OK  [0m] Reached target User and Group Name Lookups.
[   18.212929] iscsi: registered transport (iser)
[   18.236943] systemd[1]: Starting Create list of required static device nodes for the current kernel...
         Starting Create list of required st... nodes for the current kernel...
[   18.341398] systemd[1]: Mounted Debug File System.
[[0;32m  OK  [0m] Mounted Debug File System.
[   18.352562] systemd[1]: Mounted Huge Pages File System.
[[0;32m  OK  [0m] Mounted Huge Pages File System.
[   18.359365] systemd[1]: Mounted POSIX Message Queue File System.
[[0;32m  OK  [0m] Mounted POSIX Message Queue File System.
[   18.408922] systemd[1]: Started Journal Serce.

[[0;32m  OK  [0m] Started Journal Service.
[[0;32m  OK  [0m] Started Set console keymap.
[[0;32m  OK  [0m] Started Uncomplicated firewall.
[[0;32m  OK  [0m] Started Remount Root and Kernel File Systems.
[[0;32m  OK  [0m] Started Load Kernel Modules.
[[0;32m  OK  [0m] Started Create list of required sta...ce nodes for the current kernel.
[[0;32m  OK  [0m] Started Nameserver information manager.
[[0;32m  OK  [0m] Started LVM2 metadata daemon.
         Starting Create Static Device Nodes in /dev...
         Starting Apply Kernel Variables...
         Mounting FUSE Control File System...
         Starting udev Coldplug all Devices...
         Starting Load/Save Random Seed...
         Starting Flush Journal to Persistent Storage...
[[0;32m  OK  [0m] Mounted FUSE Control File System.
[[0;32m  OK  [0m] Started Create Static Device Nodes in /dev.
[[0;32m  OK  [0m] Started Apply Kernel Variables.
[[0;32m  OK  [0m] Started Load/Save Random Seed.
[[0;32m  OK  [0m] Started udev Coldplug all Devices.
         Starting udev Kernel Device Manager...
[[0;32m  OK  [0m] Started Flush Journal to Persistent Storage.
[[0;32m  OK  [0m] Started Monitoring of LVM2 mirrors,...ng dmeventd or progress polling.
[[0;32m  OK  [0m] Started udev Kernel Device Manager.
[[0;32m  OK  [0m] Started Dispatch Password Requests to Console Directory Watch.
[[0;32m  OK  [0m] Reached target Local File Systems (Pre).
[[0;32m  OK  [0m] Reached target Local File Systems.
         Starting Initial cloud-init job (pre-networking)...
         Starting Commit a transient machine-id on disk...
         Starting Tell Plymouth To Write Out Runtime Data...
         Starting LSB: AppArmor initialization...
         Starting Create Volatile Files and Directories...
         Starting Set console font and keymap...
[[0;32m  OK  [0m] Started Commit a transient machine-id on disk.
[[0;32m  OK  [0m] Started Tell Plymouth To Write Out Runtime Data.
[[0;32m  OK  [0m] Started Create Volatile Files and Directories.
[[0;32m  OK  [0m] Found device /dev/ttyS0.
         Starting Update UTMP about System Boot/Shutdown...
[[0;32m  OK  [0m] Listening on Load/Save RF Kill Switch Status /dev/rfkill Watch.
[[0;32m  OK  [0m] Started Update UTMP about System Boot/Shutdown.
[[0;32m  OK  [0m] Started LSB: AppArmor initialization.
[   16.590212] cloud-init[473]: Cloud-init v. 18.3-9-g2e62cb8a-0ubuntu1~16.04.2 running 'init-local' at Thu, 13 Sep 2018 09:30:38 +0000. Up 16.07 seconds.
[[0;32m  OK  [0m] Started Initial cloud-init job (pre-networking).
[[0;32m  OK  [0m] Reached target Network (Pre).
         Starting Raise network interfaces...
[[0;32m  OK  [0m] Started Set console font and keymap.
[[0;32m  OK  [0m] Created slice system-getty.slice.
[[0;32m  OK  [0m] Started Raise network interfaces.
         Starting Initial cloud-init job (metadata service crawler)...
[[0;32m  OK  [0m] Reached target Network.
[   18.262977] cloud-init[939]: Cloud-init v. 18.3-9-g2e62cb8a-0ubuntu1~16.04.2 running 'init' at Thu, 13 Sep 2018 09:30:40 +0000. Up 17.39 seconds.
[   18.276139] cloud-init[939]: ci-info: ++++++++++++++++++++++++++++++++++++++Net device info+++++++++++++++++++++++++++++++++++++++
[   18.295182] cloud-init[939]: ci-info: +--------+-------+----------------------------+---------------+--------+-------------------+
[[0;32m  OK  [0m] Started Initial cloud-init job (metadata service crawler).
[[0;32m  OK  [0m] Reached target Cloud-config availability.
[[0;32m  OK  [0m] Reached target Network is Online.
[   18.396332] cloud-init[939]: ci-info: | Device |   Up  |          Address           |      Mask     | Scope  |     Hw-Address    |
[   18.576695] cloud-init[939]: ci-info: +--------+-------+----------------------------+---------------+--------+-------------------+
         Starting iSCSI initiator daemon (iscsid)...
[[0;32m  OK  [0m] Reached target System Initialization.
[   18.640335] cloud-init[939]: ci-info: | enp0s3 |  True |         10.0.2.15          | 255.255.255.0 | global | 02:1d:76:b3:3c:fe |
[   18.744073] cloud-init[939]: ci-info: | enp0s3 |  True | fe80::1d:76ff:feb3:3cfe/64 |       .       |  link  | 02:1d:76:b3:3c:fe |
[   18.784418] cloud-init[939]: ci-info: | enp0s8 | False |             .              |       .       |   .    | 08:00:27:b0:70:c0 |
[[0;32m  OK  [0m] Started ACPI Events Check.
[   18.847962] cloud-init[939]: ci-info: |   lo   |  True |         127.0.0.1          |   255.0.0.0   |  host  |         .         |
[   18.864450] cloud-init[939]: ci-info: |   lo   |  True |          ::1/128           |       .       |  host  |         .         |
[   18.865727] cloud-init[939]: ci-info: +--------+-------+----------------------------+---------------+--------+-------------------+
[   18.865808] cloud-init[939]: ci-info: +++++++++++++++++++++++++++Route IPv4 info++++++++++++++++++++++++++++
[   18.865874] cloud-init[939]: ci-info: +-------+-------------+----------+---------------+-----------+-------+
[   18.865934] cloud-init[939]: ci-info: | Route | Destination | Gateway  |    Genmask    | Interface | Flags |
[   18.866000] cloud-init[939]: ci-info: +-------+-------------+----------+---------------+-----------+-------+
[   18.866062] cloud-init[939]: ci-info: |   0   |   0.0.0.0   | 10.0.2.2 |    0.0.0.0    |   enp0s3  |   UG  |
[   18.866124] cloud-init[939]: ci-info: |   1   |   10.0.2.0  | 0.0.0.0  | 255.255.255.0 |   enp0s3  |   U   |
[   18.866185] cloud-init[939]: ci-info: +-------+-------------+----------+---------------+-----------+-------+
[   18.866245] cloud-init[939]: ci-info: +++++++++++++++++++Route IPv6 info+++++++++++++++++++
[   18.866306] cloud-init[939]: ci-info: +-------+-------------+---------+-----------+-------+
[   18.866398] cloud-init[939]: ci-info: | Route | Destination | Gateway | Interface | Flags |
[   18.866452] cloud-init[939]: ci-info: +-------+-------------+---------+-----------+-------+
[   18.866502] cloud-init[939]: ci-info: |   0   |  fe80::/64  |    ::   |   enp0s3  |   U   |
[   18.866829] cloud-init[939]: ci-info: |   3   |   ff00::/8  |    ::   |   enp0s3  |   U   |
[   18.866887] cloud-init[939]: ci-info: +-------+-------------+---------+-----------+-------+
[   18.866936] cloud-init[939]: Generating public/private rsa key pair.
[   18.866986] cloud-init[939]: Your identification has been saved in /etc/ssh/ssh_host_rsa_key.
[   18.867036] cloud-init[939]: Your public key has been saved in /etc/ssh/ssh_host_rsa_key.pub.
[   18.867085] cloud-init[939]: The key fingerprint is:
[   18.867133] cloud-init[939]: SHA256:C/VeqeZP7wkAztfQO3opeeU48uUFe2PdlI0JlzkLnH0 root@ubuntu-xenial
[   18.867187] cloud-init[939]: The key's randomart image is:
[   18.867236] cloud-init[939]: +---[RSA 2048]----+
[   18.867285] cloud-init[939]: |                 |
[   18.867334] cloud-init[939]: |           o o o |
[   18.867381] cloud-init[939]: |        o . * * E|
[   18.867430] cloud-init[939]: |       + o o * *o|
[   18.867478] cloud-init[939]: |      . S + * *.o|
[   18.867525] cloud-init[939]: |       . + * * +o|
[   18.867574] cloud-init[939]: |        . O O +o=|
[   18.867622] cloud-init[939]: |         o B *.+.|
[   18.867675] cloud-init[939]: |          ..o.=  |
[   18.867724] cloud-init[939]: +----[SHA256]-----+
[   18.867772] cloud-init[939]: Generating public/private dsa key pair.
[   18.867821] cloud-init[939]: Your identification has been saved in /etc/ssh/ssh_host_dsa_key.
[   18.867869] cloud-init[939]: Your public key has been saved in /etc/ssh/ssh_host_dsa_key.pub.
[   18.867918] cloud-init[939]: The key fingerprint is:
[   18.867967] cloud-init[939]: SHA256:8JT8t1jIyf2CrIRkke7+JBE6WajIur13ylKnou2iCEQ root@ubuntu-xenial
[[0;32m  OK  [0m] Reached target Paths.
[[0;32m  OK  [0m] Listening on ACPID Listen Socket.
[[0;32m  OK  [0m] Listening on D-Bus System Message Bus Socket.
[[0;32m  OK  [0m] Started Daily apt download activities.
[[0;32m  OK  [0m] Started Daily apt upgrade and clean activities.
[   18.868116] cloud-init[939]: The key's randomart image is:
[   20.476431] cloud-init[939]: +---[DSA 1024]----+
[[0;32m  OK  [0m] Listening on UUID daemon activation socket.
[   20.493299] cloud-init[939]: |                 |
[   20.529067] cloud-init[939]: |     . o .       |
[   20.540853] cloud-init[939]: | E  . * +        |
[   20.568808] cloud-init[939]: |o. . = * + +     |
         Starting LXD - unix socket.
         Starting Socket activation for snappy daemon.
[[0;32m  OK  [0m] Started Daily Cleanup of Temporary Directories.
[[0;32m  OK  [0m] Reached target Timers.
[   20.607421] cloud-init[939]: |.o. + = S * +    |
[   20.684832] [[0;32m  OK  [0m] Listening on LXD - unix socket.
[[0;32m  OK  [0m] Listening on Socket activation for snappy daemon.
[[0;32m  OK  [0m] Started iSCSI initiator daemon (iscsid).
cloud-init[939]: |o   .=.o . = o   |
[   20.792969]          Starting Login to default iSCSI targets...
[[0;32m  OK  [0m] Reached target Sockets.
[[0;32m  OK  [0m] Reached target Basic System.
cloud-init[939]: |o  . o+ o + o .  |
[   20.828812]          Starting /etc/rc.local Compatibility...
[[0;32m  OK  [0m] Started Deferred execution scheduler.
         Starting Virtualbox guest utils...
cloud-init         Starting LXD - container startup/shutdown...
         Starting System Logging Service...
[939]: |++o.o..+ .   .   |
[   20.857542] [[0;32m  OK  [0m] Started Regular background program processing daemon.
cloud-init[939]: |*+==oo..o        |
[   20.872625]          Starting LSB: Record successful boot for GRUB...
         cloud-initStarting Login Service...[939]: 
+----[SHA256]-----+
[   20.895092] [[0;32m  OK  [0m] Started D-Bus System Message Bus.
cloud-init[939]: Generating public/private ecdsa key pair.
[   20.948252]          Starting LSB: MD monitoring daemon...
cloud-init[[0;32m  OK  [0m] Started FUSE filesystem for LXC.
[939]: Your identification has been saved in /etc/ssh/ssh_host_ecdsa_key.         Starting Pollinate to seed the pseudo random number generator...

[   20.965485]          Starting Accounts Service...
cloud-init[939]: Your public key has been saved in /etc/ssh/ssh_host_ecdsa_key.pub.
[   21.003602] [[0;32m  OK  [0m] Started ACPI event daemon.
cloud-init[939]:          Starting Snappy daemon...
[[0;32m  OK  [0m] Started Unattended Upgrades Shutdown.
The key fingerprint is:
[   21.012351] cloud-init[939]: SHA256:kblmdwBp+6P89aQ6Yl4utR3WwSv+8plOZN7BnYY1nW0 root@ubuntu-xenial
[   21.012518] cloud-init[939]: The key's randomart image is:
[   21.012790] cloud-init[939]: +---[ECDSA 256]---+
[   21.012837] cloud-init[939]: |        ..       |
[   21.012880] cloud-init[939]: |        o+      +|
[   21.012927] cloud-init[939]: |       .+..  . +E|
[   21.012982] cloud-init[939]: |        .o .  *.+|
[   21.013031] cloud-init[939]: |        S.. .ooB.|
[   21.013074] cloud-init[939]: |       o .+.+++..|
[   21.013113] cloud-init[939]: |       . o.*.o+ .|
[   21.013153] cloud-init[939]: |        *oo.+= o |
[   21.013193] cloud-init[939]: |       o.++o.=B  |
[   21.013249] cloud-init[939]: +----[SHA256]-----+
[   21.013292] cloud-init[939]: Generating public/private ed25519 key pair.
[[   21.013343] [0;32m  OK  [0mcloud-init] [939]: Started System Logging Service.Your identification has been saved in /etc/ssh/ssh_host_ed25519_key.

[   21.216630] [cloud-init[0;32m  OK  [0m[939]: ] Your public key has been saved in /etc/ssh/ssh_host_ed25519_key.pub.Started /etc/rc.local Compatibility.

[   21.217535] [[0;32m  OK  [0m] Started LXD - container startup/shutdown.
cloud-init[939]: The key fingerprint is:
[   21.243223] cloud-init[939]: SHA256:NmtF6uAgEfFUBg/q4Pzrzm30lYILLo4+YqZByy5RDmw root@ubuntu-xenial
[   21.268226] cloud-init[939]: The key's randomart image is:
[   21.271324] cloud-init[939]: +--[ED25519 256]--+
[   21.276941] cloud-init[939]: |  o.+oo          |
[   21.288373] [cloud-init[0;32m  OK  [0m[939]: ] |   = +           |Started Snappy daemon.

[   21.329928] cloud-init[939]: |o o . .   .      |
[   21.330660] cloud-init[939]: |+E..     o       |
[[0;32m  OK  [0m] Started Login to default iSCSI targets.
[   21.331525] cloud-init[939]: |.Bo . o S o      |
[   21.339794] cloud-init[939]: |+ +o = = *       |
[   21.356717] cloud-init[939]: |.+..o + *        |
[   21.357022] cloud-init[939]: |=*..oo o         |
[[0;32m  OK  [0m] Started Pollinate to seed the pseudo random number generator.
[   21.357761] cloud-init[939]: |@+==..           |
[   21.441872] cloud-init[939]: +----[SHA256]-----+
[[0;32m  OK  [0m] Started LSB: Record successful boot for GRUB.
[[0;32m  OK  [0m] Started LSB: MD monitoring daemon.
[[0;32m  OK  [0m] Started Login Service.
         Starting Authenticate and Authorize Users to Run Privileged Tasks...
         Starting OpenBSD Secure Shell server...
[[0;32m  OK  [0m] Reached target Remote File Systems (Pre).
[[0;32m  OK  [0m] Reached target Remote File Systems.
         Starting LSB: automatic crash report generation...
         Starting LSB: Set the CPU Frequency Scaling governor to "ondemand"...
         Starting Permit User Sessions...
         Starting LSB: daemon to balance interrupts for SMP systems...
         Starting Wait until snapd is fully seeded...
[[0;32m  OK  [0m] Started OpenBSD Secure Shell server.
[[0;32m  OK  [0m] Started Virtualbox guest utils.
[[0;32m  OK  [0m] Started Permit User Sessions.
[[0;32m  OK  [0m] Started Authenticate and Authorize Users to Run Privileged Tasks.
[[0;32m  OK  [0m] Started Accounts Service.
[[0;32m  OK  [0m] Started LSB: Set the CPU Frequency Scaling governor to "ondemand".
[[0;32m  OK  [0m] Started LSB: automatic crash report generation.
         Starting Terminate Plymouth Boot Screen...
         Starting Hold until boot process finishes up...
[[0;32m  OK  [0m] Started LSB: daemon to balance interrupts for SMP systems.
[[0;32m  OK  [0m] Started Terminate Plymouth Boot Screen.
[[0;32m  OK  [0m] Started Hold until boot process finishes up.
         Starting Set console scheme...
[[0;32m  OK  [0m] Started Getty on tty1.
[[0;32m  OK  [0m] Started Serial Getty on ttyS0.
[[0;32m  OK  [0m] Reached target Login Prompts.
[[0;32m  OK  [0m] Started Wait until snapd is fully seeded.
[[0;32m  OK  [0m] Started Set console scheme.
         Starting Apply the settings specified in cloud-config...
[[0;32m  OK  [0m] Reached target Multi-User System.
[[0;32m  OK  [0m] Reached target Graphical Interface.
         Starting Update UTMP about System Runlevel Changes...
[[0;32m  OK  [0m] Started Update UTMP about System Runlevel Changes.
[   22.880243] cloud-init[1262]: Generating locales (this might take a while)...
[[0;32m  OK  [0m] Created slice User Slice of vagrant.
         Starting User Manager for UID 1000...
[[0;32m  OK  [0m] Started Session 1 of user vagrant.
[[0;32m  OK  [0m] Started User Manager for UID 1000.
[   24.067269] cloud-init[1262]:   en_US.UTF-8... done
[   24.069671] cloud-init[1262]: Generation complete.
[   24.642438] cloud-init[1262]: Cloud-init v. 18.3-9-g2e62cb8a-0ubuntu1~16.04.2 running 'modules:config' at Thu, 13 Sep 2018 09:30:45 +0000. Up 22.68 seconds.
[[0;32m  OK  [0m] Started Apply the settings specified in cloud-config.
         Starting Execute cloud user/final scripts...
         Stopping User Manager for UID 1000...
[[0;32m  OK  [0m] Stopped User Manager for UID 1000.
[[0;32m  OK  [0m] Removed slice User Slice of vagrant.
ci-info: no authorized ssh keys fingerprints found for user ubuntu.
<14>Sep 13 09:30:48 ec2: 
<14>Sep 13 09:30:48 ec2: #############################################################
<14>Sep 13 09:30:48 ec2: -----BEGIN SSH HOST KEY FINGERPRINTS-----
<14>Sep 13 09:30:48 ec2: 1024 SHA256:8JT8t1jIyf2CrIRkke7+JBE6WajIur13ylKnou2iCEQ root@ubuntu-xenial (DSA)
<14>Sep 13 09:30:48 ec2: 256 SHA256:kblmdwBp+6P89aQ6Yl4utR3WwSv+8plOZN7BnYY1nW0 root@ubuntu-xenial (ECDSA)
<14>Sep 13 09:30:48 ec2: 256 SHA256:NmtF6uAgEfFUBg/q4Pzrzm30lYILLo4+YqZByy5RDmw root@ubuntu-xenial (ED25519)
<14>Sep 13 09:30:48 ec2: 2048 SHA256:C/VeqeZP7wkAztfQO3opeeU48uUFe2PdlI0JlzkLnH0 root@ubuntu-xenial (RSA)
<14>Sep 13 09:30:48 ec2: -----END SSH HOST KEY FINGERPRINTS-----
<14>Sep 13 09:30:48 ec2: #############################################################
-----BEGIN SSH HOST KEY KEYS-----
ecdsa-sha2-nistp256 AAAAE2VjZHNhLXNoYTItbmlzdHAyNTYAAAAIbmlzdHAyNTYAAABBBL2IKW0SxfvU7tyQnaRkqAbQLg62tM1CMBphL0jCmT5MlLjyqaoYfFk2IG3lEy2YLkyCMnAA4cXx0gQLay1cjyE= root@ubuntu-xenial
ssh-ed25519 AAAAC3NzaC1lZDI1NTE5AAAAIOMmgmyh0uRnCLANdAzLMzzIouJ/T+TLyntkQxbyCNzX root@ubuntu-xenial
ssh-rsa AAAAB3NzaC1yc2EAAAADAQABAAABAQDBnfYyxRX9cBI4B70++SzQsXL/WWbvok7a2jkRfFxTyeV3aJmveLTeSfBqYSHSiJ/OIbwHXr0gfU+468ME/MT1nm6x4tx/r7r757pWW3hKOwCd+0m3MsJ6fV8CDxL9eODbMHj+Bqpt18AtLooJIObjom/9FFJERRs/ymMhP2e57qZhzrGP3swFwd3zAXBWsg3Qjl1mwrIOI6L0/WzI1jOf1kswotIEtuRoOt8MAyjh3pvRZQl26nuuUrA9I2JZ1iWJpiMe4hlP4uYrDXSt4C9PbEU16n6bpHrY8HQueJ+pR0xvicA5Os6cCx/EogqMf524n9M4TWw+sH9jt7axs5gf root@ubuntu-xenial
-----END SSH HOST KEY KEYS-----
[[0;32m  OK  [0m] Created slice User Slice of vagrant.
[   25.604851] cloud-init[[0;32m  OK  [0m] Started Execute cloud user/final scripts.
[1450]: Cloud-init v. 18.3-9-g2e62cb8a-0ubuntu1~16.04.2 running 'modules:final' at Thu, 13 Sep 2018 09:30:47 +0000. Up 25.05 seconds.
[   26.070491] cloud-init[1450]: ci-info: no authorized ssh keys fingerprints found for user ubuntu.
[[0;32m  OK  [0m] Started Session 2 of user vagrant.
         Starting User Manager for UID 1000...
[[0;32m  OK  [0m] Reached target Cloud-init target.
[   26.073423] cloud-init[1450]: Cloud-init v. 18.3-9-g2e62cb8a-0ubuntu1~16.04.2 finished at Thu, 13 Sep 2018 09:30:48 +0000. Datasource DataSourceNoCloud [seed=/dev/sdb][dsmode=net].  Up 25.59 seconds
[[0;32m  OK  [0m] Started User Manager for UID 1000.

Ubuntu 16.04.5 LTS ubuntu-xenial ttyS0

ubuntu-xenial login: 